an8855_fdb_vid
an8855_get_tag_protocol
an8855_phylink_mac_select_pcs
an8855_port_bridge_join
an8855_port_bridge_leave
an8855_port_commit_vlan
an8855_port_fdb_add
an8855_port_fdb_del
an8855_port_fdb_dump
an8855_port_mdb_add
an8855_port_mdb_del
an8855_port_vlan_add
an8855_port_vlan_del
an8855_port_vlan_filtering
an8855_setup
an8855_switch_probe
an8855_tag_8021q_debug_dump
an8855_tag_8021q_dump_vid
an8855_tag_8021q_vlan_add
an8855_tag_8021q_vlan_del
an8855_teardown
an8855_update_port_member
an8855_vlan_add
